
> client@3.0.0 build
> vite build

[36mvite v7.2.7 [32mbuilding client environment for production...[36m[39m
transforming...
[32mΓ£ô[39m 53 modules transformed.
node.exe : 
[31mΓ£ù[39m Build 
failed in 366ms
At C:\Program Files\no
dejs\npm.ps1:29 char:3
+   & $NODE_EXE 
$NPM_CLI_JS $args
+   ~~~~~~~~~~~~~~~~~~
~~~~~~~~~~~
    + CategoryInfo    
          : NotSpeci  
  fied: ([31mΓ£ù[   
 39m Build failed     
in 366ms:String)     
[], RemoteExcepti    
on
    + FullyQualifiedE 
   rrorId : NativeCo  
  mmandError
 
[31merror during 
build:
[31m[vite:esbuild] 
Transform failed with 
6 errors:
E:/mernstack_internshi
p/letterboard/client/s
rc/pages/Profile.jsx:2
93:7: ERROR: The 
symbol "ButtonLoader" 
has already been 
declared
E:/mernstack_internshi
p/letterboard/client/s
rc/pages/Profile.jsx:2
95:7: ERROR: The 
symbol "BannerSearch" 
has already been 
declared
E:/mernstack_internshi
p/letterboard/client/s
rc/pages/Profile.jsx:2
96:7: ERROR: The 
symbol 
"BannerSelection" has 
already been declared
E:/mernstack_internshi
p/letterboard/client/s
rc/pages/Profile.jsx:2
97:7: ERROR: The 
symbol 
"BannerViewModal" has 
already been declared
E:/mernstack_internshi
p/letterboard/client/s
rc/pages/Profile.jsx:2
98:7: ERROR: The 
symbol 
"BannerActionModal" 
has already been 
declared
...[31m
file: [36mE:/mernstac
k_internship/letterboa
rd/client/src/pages/Pr
ofile.jsx:293:7[31m
[33m
[33mThe symbol 
"ButtonLoader" has 
already been 
declared[33m
291 |  };
292 |  
293 |  import 
ButtonLoader from '../
components/ButtonLoade
r';
    |         ^
294 |  import 
Skeleton from '../comp
onents/Skeleton';
295 |  import 
BannerSearch from '../
components/BannerSearc
h';

[33mThe symbol 
"BannerSearch" has 
already been 
declared[33m
293 |  import 
ButtonLoader from '../
components/ButtonLoade
r';
294 |  import 
Skeleton from '../comp
onents/Skeleton';
295 |  import 
BannerSearch from '../
components/BannerSearc
h';
    |         ^
296 |  import 
BannerSelection from '
../components/BannerSe
lection';
297 |  import 
BannerViewModal from '
../components/BannerVi
ewModal';

[33mThe symbol 
"BannerSelection" has 
already been 
declared[33m
294 |  import 
Skeleton from '../comp
onents/Skeleton';
295 |  import 
BannerSearch from '../
components/BannerSearc
h';
296 |  import 
BannerSelection from '
../components/BannerSe
lection';
    |         ^
297 |  import 
BannerViewModal from '
../components/BannerVi
ewModal';
298 |  import 
BannerActionModal 
from '../components/Ba
nnerActionModal';

[33mThe symbol 
"BannerViewModal" has 
already been 
declared[33m
295 |  import 
BannerSearch from '../
components/BannerSearc
h';
296 |  import 
BannerSelection from '
../components/BannerSe
lection';
297 |  import 
BannerViewModal from '
../components/BannerVi
ewModal';
    |         ^
298 |  import 
BannerActionModal 
from '../components/Ba
nnerActionModal';
299 |  import 
ActivityFeed from '../
components/ActivityFee
d';

[33mThe symbol 
"BannerActionModal" 
has already been 
declared[33m
296 |  import 
BannerSelection from '
../components/BannerSe
lection';
297 |  import 
BannerViewModal from '
../components/BannerVi
ewModal';
298 |  import 
BannerActionModal 
from '../components/Ba
nnerActionModal';
    |         ^
299 |  import 
ActivityFeed from '../
components/ActivityFee
d';
300 |  

[33mThe symbol 
"ActivityFeed" has 
already been 
declared[33m
297 |  import 
BannerViewModal from '
../components/BannerVi
ewModal';
298 |  import 
BannerActionModal 
from '../components/Ba
nnerActionModal';
299 |  import 
ActivityFeed from '../
components/ActivityFee
d';
    |         ^
300 |  
301 |  const 
ProfileSkeleton = () 
=> (
[31m
    at 
failureErrorWithLog (E
:\mernstack_internship
\letterboard\client\no
de_modules\esbuild\lib
\main.js:1467:15)
    at E:\mernstack_in
ternship\letterboard\c
lient\node_modules\esb
uild\lib\main.js:736:5
0
    at responseCallbac
ks.<computed> (E:\mern
stack_internship\lette
rboard\client\node_mod
ules\esbuild\lib\main.
js:603:9)
    at 
handleIncomingPacket (
E:\mernstack_internshi
p\letterboard\client\n
ode_modules\esbuild\li
b\main.js:658:12)
    at 
Socket.readFromStdout 
(E:\mernstack_internsh
ip\letterboard\client\
node_modules\esbuild\l
ib\main.js:581:7)
    at Socket.emit 
(node:events:518:28)
    at addChunk (node:
internal/streams/reada
ble:561:12)
    at readableAddChun
kPushByteMode (node:in
ternal/streams/readabl
e:512:3)
    at Readable.push (
node:internal/streams/
readable:392:5)
    at 
Pipe.onStreamRead (nod
e:internal/stream_base
_commons:189:23)[39m
